// Jest Snapshot v1, https://goo.gl/fbAQLP

exports[`model evolve model evolution produces the expected output in the default scenario after running for 10 days 1`] = `
Object {
  "cumulative": Object {
    "critical": Array [
      0.010029089553890928,
      0.026929717368283427,
      0.06705473342279623,
      0.11152954574548335,
      0.2682067381791834,
      5.61615789671835,
      1.1444612966526064,
      1.3919941006786543,
      1.2456325443350162,
    ],
    "fatality": Array [
      0.000010105478940653562,
      0.00005726455730798562,
      0.00014258612659428786,
      0.0003765257126117086,
      0.0012822975784848411,
      0.08784982994191479,
      0.01570252577758848,
      0.03627044962302506,
      0.048462713887455586,
    ],
    "hospitalized": Array [
      0.026518572472753344,
      0.07506056466847276,
      0.18690327462110917,
      0.3287136695723272,
      0.8387594936024637,
      11.273400832845514,
      4.393029591239094,
      6.3108699913243775,
      6.888496464515037,
    ],
    "recovered": Array [
      26.51032773129391,
      24.99612279917416,
      31.090621499585694,
      36.4151490016785,
      34.66303585572434,
      222.63939518884672,
      27.66257979430073,
      20.079383452264207,
      10.955560968940063,
    ],
  },
  "current": Object {
    "critical": Array [
      0.00023023847951074064,
      0.001305213551655794,
      0.0032499758792854973,
      0.0085857565629546,
      0.02925151701078179,
      0.7164017412649378,
      0.2688678808086536,
      0.496911232849763,
      0.6642944604298212,
    ],
    "exposed": Array [
      Array [
        32.160490723770565,
        26.025014893755205,
        20.800496945903472,
      ],
      Array [
        30.342126130544674,
        24.553736968578015,
        19.624738587503572,
      ],
      Array [
        37.781623114354495,
        30.57319408266731,
        24.435132935035057,
      ],
      Array [
        44.30226564945974,
        35.8491862877575,
        28.651394069545322,
      ],
      Array [
        42.3904035860148,
        34.30225754727865,
        27.415180050873094,
      ],
      Array [
        47.764028266340596,
        39.41291205035787,
        33.88989748486417,
      ],
      Array [
        35.51995155026238,
        28.7432269470081,
        22.972731359826682,
      ],
      Array [
        27.330862779351445,
        22.117258986103735,
        17.677649391146304,
      ],
      Array [
        16.6979435799561,
        13.513935232142092,
        10.802381543623513,
      ],
    ],
    "infectious": Array [
      24.04728154753954,
      22.688249271014424,
      28.248474409457163,
      33.121954514549444,
      31.6930429188413,
      58.35832794393595,
      26.558117774736647,
      20.437653266981695,
      12.490687933684125,
    ],
    "overflow": Array [
      0,
      0,
      0,
      0,
      0,
      0,
      0,
      0,
      0,
    ],
    "severe": Array [
      0.008004397500979813,
      0.022702945541130885,
      0.056531708593276664,
      0.09962977963785566,
      0.2547425631223735,
      2.0243698968567307,
      1.339713740707002,
      1.926256262850074,
      2.1086747857727337,
    ],
    "susceptible": Array [
      19809.44814341628,
      18688.770960819533,
      23273.8110296883,
      27292.551458415095,
      26114.250803663555,
      29350.106817597592,
      21879.919108426573,
      16832.897754178823,
      10279.718058781564,
    ],
  },
  "time": 1583913600000,
}
`;

exports[`model getPopulationParams produces the expected output in the default scenario 1`] = `
Object {
  "ICUBeds": 80,
  "ageDistribution": Object {
    "0-9": 0.10225114395521838,
    "10-19": 0.0964647560575147,
    "20-29": 0.12013546056661978,
    "30-39": 0.14087582334618426,
    "40-49": 0.13479387083572222,
    "50-59": 0.15259164409491252,
    "60-69": 0.11293803472872646,
    "70-79": 0.08688929452955889,
    "80+": 0.053059971885542775,
  },
  "frac": Object {
    "critical": Array [
      0.000025,
      0.00015000000000000001,
      0.00030000000000000003,
      0.0006749999999999999,
      0.0024000000000000002,
      0.00625,
      0.02625,
      0.063,
      0.1375,
    ],
    "fatal": Array [
      0.0000075,
      0.000045,
      0.00009,
      0.00020249999999999996,
      0.00072,
      0.0025000000000000005,
      0.0105,
      0.0315,
      0.06875,
    ],
    "isolated": Array [
      0,
      0,
      0,
      0,
      0,
      0,
      0,
      0,
      0,
    ],
    "severe": Array [
      0.0005,
      0.0015,
      0.003,
      0.0045,
      0.012,
      0.025,
      0.075,
      0.13999999999999999,
      0.25,
    ],
  },
  "hospitalBeds": 698,
  "importsPerDay": Array [
    0.011111111111111112,
    0.011111111111111112,
    0.011111111111111112,
    0.011111111111111112,
    0.011111111111111112,
    0.011111111111111112,
    0.011111111111111112,
    0.011111111111111112,
    0.011111111111111112,
  ],
  "numberStochasticRuns": 0,
  "populationServed": 195000,
  "rate": Object {
    "critical": Array [
      0.0125,
      0.025,
      0.025,
      0.0375,
      0.05,
      0.0625,
      0.0875,
      0.1125,
      0.1375,
    ],
    "discharge": Array [
      0.2375,
      0.225,
      0.225,
      0.2125,
      0.2,
      0.1875,
      0.1625,
      0.1375,
      0.11249999999999999,
    ],
    "fatality": Array [
      0.02142857142857143,
      0.02142857142857143,
      0.02142857142857143,
      0.02142857142857143,
      0.02142857142857143,
      0.028571428571428574,
      0.028571428571428574,
      0.03571428571428571,
      0.03571428571428571,
    ],
    "infection": [Function],
    "latency": 0.2,
    "overflowFatality": Array [
      0.04285714285714286,
      0.04285714285714286,
      0.04285714285714286,
      0.04285714285714286,
      0.04285714285714286,
      0.05714285714285715,
      0.05714285714285715,
      0.07142857142857142,
      0.07142857142857142,
    ],
    "recovery": Array [
      0.33316666666666667,
      0.33283333333333337,
      0.3323333333333333,
      0.33183333333333337,
      0.3293333333333333,
      0.325,
      0.30833333333333335,
      0.2866666666666667,
      0.25,
    ],
    "severe": Array [
      0.00016666666666666666,
      0.0005,
      0.001,
      0.0014999999999999998,
      0.004,
      0.008333333333333333,
      0.024999999999999998,
      0.04666666666666666,
      0.08333333333333333,
    ],
    "stabilize": Array [
      0.049999999999999996,
      0.049999999999999996,
      0.049999999999999996,
      0.049999999999999996,
      0.049999999999999996,
      0.04285714285714286,
      0.04285714285714286,
      0.03571428571428571,
      0.03571428571428571,
    ],
  },
  "timeDelta": 0,
  "timeDeltaDays": 0,
}
`;

exports[`model getPopulationParams produces the expected output in the default scenario 2`] = `1.0282794619390596`;

exports[`model getPopulationParams produces the expected output in the default scenario 3`] = `0.7815218936243379`;

exports[`model getPopulationParams produces the expected output in the default scenario 4`] = `0.6412716928585847`;

exports[`model getPopulationParams produces the expected output in the default scenario 5`] = `0.5119976633870834`;

exports[`model getPopulationParams produces the expected output in the default scenario 6`] = `0.4777650045046975`;

exports[`model getPopulationParams produces the expected output in the default scenario 7`] = `0.45115800505877796`;

exports[`model getPopulationParams produces the expected output in the default scenario 8`] = `0.43543682301649544`;

exports[`model getPopulationParams produces the expected output in the default scenario 9`] = `0.43252777618729166`;

exports[`model getPopulationParams produces the expected output in the default scenario 10`] = `0.44278731033335716`;

exports[`model getPopulationParams produces the expected output in the default scenario 11`] = `0.4649583238392415`;

exports[`model initializePopulation produces the expected output in the default scenario 1`] = `
Array [
  19939,
  18811,
  23426,
  27471,
  26285,
  29542,
  22023,
  16943,
  10347,
]
`;
